dial sweep: widths [128, 256, 512, 1024, 2048, 4096]  wds [0.1, 0.3, 1.0, 3.0]
data seeds [15573, 19870]  init seeds [135533, 479062, 648223, 871231]  epochs 2000
width 128: batch of 32 (32/32 pending)
batch 32 on cuda:  train 3830  test 8939  4 recipe(s) (lr, wd, tilt, cvar): [(0.001, 0.1, 0.0, 0.0), (0.001, 0.3, 0.0, 0.0), (0.001, 1.0, 0.0, 0.0), (0.001, 3.0, 0.0, 0.0)]
/usr/local/lib/python3.12/dist-packages/torch/_inductor/compile_fx.py:282: UserWarning: TensorFloat32 tensor cores for float32 matrix multiplication available but not enabled. Consider setting `torch.set_float32_matmul_precision('high')` for better performance.
  warnings.warn(
epoch    100  train 2.8079e+00  test med 7.8639e+00 mean 7.7595e+00 max 8.4447e+00  (6.7 eps/s x 32 = 216 run-eps/s)
epoch    200  train 2.3764e-01  test med 2.1630e+01 mean 2.0623e+01 max 2.6023e+01  (12.6 eps/s x 32 = 403 run-eps/s)
epoch    300  train 4.4737e-02  test med 2.7128e+01 mean 2.5788e+01 max 3.3701e+01  (17.7 eps/s x 32 = 568 run-eps/s)
epoch    400  train 1.8902e-02  test med 2.9822e+01 mean 2.8419e+01 max 3.8185e+01  (22.3 eps/s x 32 = 713 run-eps/s)
epoch    500  train 8.7717e-03  test med 3.2470e+01 mean 3.0920e+01 max 4.2195e+01  (26.3 eps/s x 32 = 842 run-eps/s)
epoch    600  train 4.3220e-03  test med 3.5098e+01 mean 3.3379e+01 max 4.6035e+01  (29.9 eps/s x 32 = 957 run-eps/s)
epoch    700  train 2.1977e-03  test med 3.7724e+01 mean 3.5809e+01 max 4.9776e+01  (33.2 eps/s x 32 = 1061 run-eps/s)
epoch    800  train 1.1551e-03  test med 4.0337e+01 mean 3.8193e+01 max 5.3417e+01  (36.1 eps/s x 32 = 1156 run-eps/s)
epoch    900  train 6.2865e-04  test med 4.2893e+01 mean 4.0514e+01 max 5.6959e+01  (38.8 eps/s x 32 = 1241 run-eps/s)
epoch   1000  train 3.5274e-04  test med 4.5363e+01 mean 4.2754e+01 max 6.0372e+01  (40.8 eps/s x 32 = 1306 run-eps/s)
epoch   1100  train 2.0363e-04  test med 4.7668e+01 mean 4.4842e+01 max 6.3563e+01  (43.1 eps/s x 32 = 1378 run-eps/s)
epoch   1200  train 1.2092e-04  test med 4.9613e+01 mean 4.6654e+01 max 6.6348e+01  (45.1 eps/s x 32 = 1444 run-eps/s)
epoch   1300  train 7.4545e-05  test med 5.1028e+01 mean 4.8024e+01 max 6.8494e+01  (47.0 eps/s x 32 = 1505 run-eps/s)
epoch   1400  train 4.7351e-05  test med 5.1785e+01 mean 4.8869e+01 max 6.9858e+01  (48.8 eps/s x 32 = 1561 run-eps/s)
epoch   1500  train 3.1492e-05  test med 5.1967e+01 mean 4.9242e+01 max 7.0520e+01  (50.4 eps/s x 32 = 1614 run-eps/s)
epoch   1600  train 2.1544e-05  test med 5.1778e+01 mean 4.9312e+01 max 7.0697e+01  (52.0 eps/s x 32 = 1663 run-eps/s)
epoch   1700  train 1.5498e-05  test med 5.1457e+01 mean 4.9226e+01 max 7.0593e+01  (53.4 eps/s x 32 = 1709 run-eps/s)
epoch   1800  train 1.1647e-05  test med 5.1102e+01 mean 4.9060e+01 max 7.0356e+01  (54.7 eps/s x 32 = 1751 run-eps/s)
epoch   1900  train 8.8462e-06  test med 5.0780e+01 mean 4.8858e+01 max 7.0068e+01  (56.0 eps/s x 32 = 1791 run-eps/s)
epoch   2000  train 7.2156e-06  test med 5.0471e+01 mean 4.8619e+01 max 6.9768e+01  (57.2 eps/s x 32 = 1829 run-eps/s)
done: 2000 epochs x 32 runs in 35s
RESULT w0128_wd0.1/ds15573_is135533: grok@-1  committee [41, 49]  acc 0.0117
RESULT w0128_wd0.1/ds15573_is479062: grok@-1  committee [8]  acc 0.0116
RESULT w0128_wd0.1/ds15573_is648223: grok@-1  committee [16, 35, 44, 49]  acc 0.0043
RESULT w0128_wd0.1/ds15573_is871231: grok@-1  committee [24]  acc 0.0131
RESULT w0128_wd0.1/ds19870_is135533: grok@-1  committee [11, 32, 52]  acc 0.0434
RESULT w0128_wd0.1/ds19870_is479062: grok@-1  committee [32]  acc 0.0072
RESULT w0128_wd0.1/ds19870_is648223: grok@-1  committee [6, 21, 31, 33, 34, 35]  acc 0.0116
RESULT w0128_wd0.1/ds19870_is871231: grok@-1  committee [28]  acc 0.0043
RESULT w0128_wd0.3/ds15573_is135533: grok@-1  committee [41, 49]  acc 0.0133
RESULT w0128_wd0.3/ds15573_is479062: grok@-1  committee [8, 42]  acc 0.0079
RESULT w0128_wd0.3/ds15573_is648223: grok@-1  committee [16, 35, 44, 49]  acc 0.0039
RESULT w0128_wd0.3/ds15573_is871231: grok@-1  committee [24]  acc 0.0143
RESULT w0128_wd0.3/ds19870_is135533: grok@-1  committee [11, 32, 41, 52]  acc 0.0445
RESULT w0128_wd0.3/ds19870_is479062: grok@-1  committee [32, 34]  acc 0.0064
RESULT w0128_wd0.3/ds19870_is648223: grok@-1  committee [6, 33]  acc 0.0140
RESULT w0128_wd0.3/ds19870_is871231: grok@-1  committee [6, 22, 25, 28, 33, 34, 40, 52]  acc 0.0049
RESULT w0128_wd1/ds15573_is135533: grok@-1  committee [14, 41, 49]  acc 0.0131
RESULT w0128_wd1/ds15573_is479062: grok@-1  committee [8]  acc 0.0115
RESULT w0128_wd1/ds15573_is648223: grok@-1  committee [16, 35, 44, 49, 51, 53]  acc 0.0063
RESULT w0128_wd1/ds15573_is871231: grok@-1  committee [24]  acc 0.0219
RESULT w0128_wd1/ds19870_is135533: grok@-1  committee [11, 52]  acc 0.0399
RESULT w0128_wd1/ds19870_is479062: grok@-1  committee [32, 33, 34, 42]  acc 0.0073
RESULT w0128_wd1/ds19870_is648223: grok@-1  committee [6, 33]  acc 0.0159
RESULT w0128_wd1/ds19870_is871231: grok@-1  committee [6, 22, 25, 28, 33, 40, 52]  acc 0.0051
RESULT w0128_wd3/ds15573_is135533: grok@-1  committee [41, 49]  acc 0.0427
RESULT w0128_wd3/ds15573_is479062: grok@-1  committee [8]  acc 0.0115
RESULT w0128_wd3/ds15573_is648223: grok@-1  committee [16, 35, 44, 49]  acc 0.0235
RESULT w0128_wd3/ds15573_is871231: grok@-1  committee [24]  acc 0.0415
RESULT w0128_wd3/ds19870_is135533: grok@-1  committee [11, 52]  acc 0.0251
RESULT w0128_wd3/ds19870_is479062: grok@-1  committee [32, 34, 42, 52]  acc 0.0121
RESULT w0128_wd3/ds19870_is648223: grok@-1  committee [21, 33]  acc 0.0183
RESULT w0128_wd3/ds19870_is871231: grok@-1  committee [25, 52]  acc 0.0048
width 256: batch of 32 (32/32 pending)
batch 32 on cuda:  train 3830  test 8939  4 recipe(s) (lr, wd, tilt, cvar): [(0.001, 0.1, 0.0, 0.0), (0.001, 0.3, 0.0, 0.0), (0.001, 1.0, 0.0, 0.0), (0.001, 3.0, 0.0, 0.0)]
epoch    100  train 2.1058e+00  test med 8.9103e+00 mean 8.7118e+00 max 9.7440e+00  (7.2 eps/s x 32 = 229 run-eps/s)
epoch    200  train 5.7188e-02  test med 2.0847e+01 mean 2.0056e+01 max 2.4386e+01  (13.2 eps/s x 32 = 422 run-eps/s)
epoch    300  train 1.7652e-02  test med 2.2525e+01 mean 2.1861e+01 max 2.7907e+01  (18.4 eps/s x 32 = 588 run-eps/s)
epoch    400  train 6.7771e-03  test med 2.4341e+01 mean 2.3556e+01 max 3.0853e+01  (22.8 eps/s x 32 = 731 run-eps/s)
epoch    500  train 2.7399e-03  test med 2.6163e+01 mean 2.5192e+01 max 3.3604e+01  (26.8 eps/s x 32 = 856 run-eps/s)
epoch    600  train 1.1370e-03  test med 2.7966e+01 mean 2.6751e+01 max 3.6265e+01  (30.2 eps/s x 32 = 966 run-eps/s)
epoch    700  train 4.7855e-04  test med 2.9754e+01 mean 2.8198e+01 max 3.8849e+01  (33.3 eps/s x 32 = 1064 run-eps/s)
epoch    800  train 2.0544e-04  test med 3.1532e+01 mean 2.9557e+01 max 4.1369e+01  (36.0 eps/s x 32 = 1152 run-eps/s)
epoch    900  train 9.1075e-05  test med 3.3245e+01 mean 3.0962e+01 max 4.3817e+01  (38.5 eps/s x 32 = 1230 run-eps/s)
epoch   1000  train 4.1349e-05  test med 3.4837e+01 mean 3.2287e+01 max 4.6140e+01  (40.7 eps/s x 32 = 1302 run-eps/s)
epoch   1100  train 1.9293e-05  test med 3.6255e+01 mean 3.3426e+01 max 4.8247e+01  (42.7 eps/s x 32 = 1366 run-eps/s)
epoch   1200  train 9.3731e-06  test med 3.7346e+01 mean 3.4250e+01 max 4.9986e+01  (44.5 eps/s x 32 = 1425 run-eps/s)
epoch   1300  train 4.7906e-06  test med 3.7994e+01 mean 3.4791e+01 max 5.1207e+01  (46.2 eps/s x 32 = 1479 run-eps/s)
epoch   1400  train 2.6193e-06  test med 3.8198e+01 mean 3.5003e+01 max 5.1885e+01  (47.8 eps/s x 32 = 1529 run-eps/s)
epoch   1500  train 1.5824e-06  test med 3.8081e+01 mean 3.4912e+01 max 5.2136e+01  (49.2 eps/s x 32 = 1575 run-eps/s)
epoch   1600  train 1.0737e-06  test med 3.7814e+01 mean 3.4622e+01 max 5.2125e+01  (50.5 eps/s x 32 = 1617 run-eps/s)
epoch   1700  train 8.2557e-07  test med 3.7510e+01 mean 3.4206e+01 max 5.1973e+01  (51.8 eps/s x 32 = 1656 run-eps/s)
epoch   1800  train 6.8505e-07  test med 3.7214e+01 mean 3.3735e+01 max 5.1759e+01  (52.9 eps/s x 32 = 1693 run-eps/s)
epoch   1900  train 6.2140e-07  test med 3.6931e+01 mean 3.3303e+01 max 5.1527e+01  (54.0 eps/s x 32 = 1727 run-eps/s)
epoch   2000  train 5.8770e-07  test med 3.6661e+01 mean 3.2976e+01 max 5.1293e+01  (55.0 eps/s x 32 = 1759 run-eps/s)
done: 2000 epochs x 32 runs in 37s
RESULT w0256_wd0.1/ds15573_is135533: grok@-1  committee [14, 25, 41, 49]  acc 0.0234
RESULT w0256_wd0.1/ds15573_is479062: grok@-1  committee [8, 40]  acc 0.0124
RESULT w0256_wd0.1/ds15573_is648223: grok@-1  committee [12]  acc 0.0204
RESULT w0256_wd0.1/ds15573_is871231: grok@-1  committee [37]  acc 0.0465
RESULT w0256_wd0.1/ds19870_is135533: grok@-1  committee [28, 52]  acc 0.0109
RESULT w0256_wd0.1/ds19870_is479062: grok@-1  committee [35]  acc 0.0116
RESULT w0256_wd0.1/ds19870_is648223: grok@-1  committee [34]  acc 0.0056
RESULT w0256_wd0.1/ds19870_is871231: grok@-1  committee [45, 52]  acc 0.0199
RESULT w0256_wd0.3/ds15573_is135533: grok@-1  committee [14, 25, 41, 49]  acc 0.0257
RESULT w0256_wd0.3/ds15573_is479062: grok@-1  committee [8]  acc 0.0134
RESULT w0256_wd0.3/ds15573_is648223: grok@-1  committee [12]  acc 0.0242
RESULT w0256_wd0.3/ds15573_is871231: grok@-1  committee [37]  acc 0.0562
RESULT w0256_wd0.3/ds19870_is135533: grok@-1  committee [28, 52]  acc 0.0113
RESULT w0256_wd0.3/ds19870_is479062: grok@-1  committee [34, 35]  acc 0.0135
RESULT w0256_wd0.3/ds19870_is648223: grok@-1  committee [34]  acc 0.0058
RESULT w0256_wd0.3/ds19870_is871231: grok@-1  committee [45, 52]  acc 0.0205
RESULT w0256_wd1/ds15573_is135533: grok@-1  committee [14, 25, 41, 49]  acc 0.0393
RESULT w0256_wd1/ds15573_is479062: grok@-1  committee [8]  acc 0.0171
RESULT w0256_wd1/ds15573_is648223: grok@-1  committee [12]  acc 0.0286
RESULT w0256_wd1/ds15573_is871231: grok@-1  committee [37]  acc 0.0509
RESULT w0256_wd1/ds19870_is135533: grok@-1  committee [28, 52]  acc 0.0180
RESULT w0256_wd1/ds19870_is479062: grok@-1  committee [35]  acc 0.0138
RESULT w0256_wd1/ds19870_is648223: grok@-1  committee [34, 52, 56]  acc 0.0081
RESULT w0256_wd1/ds19870_is871231: grok@-1  committee [45, 52]  acc 0.0571
RESULT w0256_wd3/ds15573_is135533: grok@-1  committee [14, 25, 41, 49, 54]  acc 0.9645
RESULT w0256_wd3/ds15573_is479062: grok@-1  committee [8]  acc 0.0780
RESULT w0256_wd3/ds15573_is648223: grok@-1  committee [12]  acc 0.0829
RESULT w0256_wd3/ds15573_is871231: grok@-1  committee [37]  acc 0.0547
RESULT w0256_wd3/ds19870_is135533: grok@-1  committee [11, 28, 52]  acc 0.9068
RESULT w0256_wd3/ds19870_is479062: grok@-1  committee [15, 34, 35]  acc 0.0158
RESULT w0256_wd3/ds19870_is648223: grok@930  committee [34, 52, 56]  acc 1.0000
RESULT w0256_wd3/ds19870_is871231: grok@1330  committee [45, 52, 56]  acc 1.0000
width 512: batch of 32 (32/32 pending)
batch 32 on cuda:  train 3830  test 8939  4 recipe(s) (lr, wd, tilt, cvar): [(0.001, 0.1, 0.0, 0.0), (0.001, 0.3, 0.0, 0.0), (0.001, 1.0, 0.0, 0.0), (0.001, 3.0, 0.0, 0.0)]
epoch    100  train 1.2529e+00  test med 9.5426e+00 mean 9.2595e+00 max 1.0576e+01  (35.8 eps/s x 32 = 1146 run-eps/s)
epoch    200  train 2.4248e-02  test med 1.6478e+01 mean 1.6004e+01 max 1.9447e+01  (47.4 eps/s x 32 = 1518 run-eps/s)
epoch    300  train 8.5760e-03  test med 1.7325e+01 mean 1.6832e+01 max 2.1416e+01  (53.2 eps/s x 32 = 1703 run-eps/s)
epoch    400  train 3.0490e-03  test med 1.8379e+01 mean 1.7781e+01 max 2.3275e+01  (56.7 eps/s x 32 = 1814 run-eps/s)
epoch    500  train 1.1100e-03  test med 1.9458e+01 mean 1.8685e+01 max 2.5077e+01  (59.0 eps/s x 32 = 1888 run-eps/s)
epoch    600  train 4.1076e-04  test med 2.0538e+01 mean 1.9534e+01 max 2.6836e+01  (60.6 eps/s x 32 = 1940 run-eps/s)
epoch    700  train 1.5367e-04  test med 2.1619e+01 mean 2.0323e+01 max 2.8555e+01  (61.9 eps/s x 32 = 1980 run-eps/s)
epoch    800  train 5.7541e-05  test med 2.2683e+01 mean 2.1017e+01 max 3.0232e+01  (62.8 eps/s x 32 = 2010 run-eps/s)
epoch    900  train 2.1716e-05  test med 2.3707e+01 mean 2.1625e+01 max 3.1851e+01  (63.6 eps/s x 32 = 2034 run-eps/s)
epoch   1000  train 8.2945e-06  test med 2.4660e+01 mean 2.2135e+01 max 3.3372e+01  (64.2 eps/s x 32 = 2054 run-eps/s)
epoch   1100  train 3.3565e-06  test med 2.5471e+01 mean 2.2515e+01 max 3.4723e+01  (64.7 eps/s x 32 = 2070 run-eps/s)
epoch   1200  train 1.4794e-06  test med 2.6053e+01 mean 2.2712e+01 max 3.5797e+01  (65.1 eps/s x 32 = 2085 run-eps/s)
epoch   1300  train 7.5865e-07  test med 2.6353e+01 mean 2.2770e+01 max 3.6515e+01  (65.5 eps/s x 32 = 2097 run-eps/s)
epoch   1400  train 4.7560e-07  test med 2.6386e+01 mean 2.2642e+01 max 3.6889e+01  (65.8 eps/s x 32 = 2107 run-eps/s)
epoch   1500  train 3.5978e-07  test med 2.6244e+01 mean 2.2346e+01 max 3.7006e+01  (66.1 eps/s x 32 = 2116 run-eps/s)
epoch   1600  train 3.0840e-07  test med 2.6032e+01 mean 2.2000e+01 max 3.6968e+01  (66.4 eps/s x 32 = 2124 run-eps/s)
epoch   1700  train 2.8272e-07  test med 2.5801e+01 mean 2.1709e+01 max 3.6852e+01  (66.6 eps/s x 32 = 2131 run-eps/s)
epoch   1800  train 2.6711e-07  test med 2.5568e+01 mean 2.1469e+01 max 3.6705e+01  (66.8 eps/s x 32 = 2137 run-eps/s)
epoch   1900  train 2.5625e-07  test med 2.5340e+01 mean 2.1249e+01 max 3.6549e+01  (67.0 eps/s x 32 = 2143 run-eps/s)
epoch   2000  train 2.4778e-07  test med 2.5116e+01 mean 2.1029e+01 max 3.6393e+01  (67.1 eps/s x 32 = 2148 run-eps/s)
done: 2000 epochs x 32 runs in 30s
RESULT w0512_wd0.1/ds15573_is135533: grok@-1  committee [15, 26, 31, 32, 40, 41, 43, 49, 54]  acc 0.0584
RESULT w0512_wd0.1/ds15573_is479062: grok@-1  committee [26]  acc 0.1215
RESULT w0512_wd0.1/ds15573_is648223: grok@-1  committee [8]  acc 0.1218
RESULT w0512_wd0.1/ds15573_is871231: grok@-1  committee [20]  acc 0.0882
RESULT w0512_wd0.1/ds19870_is135533: grok@-1  committee [3]  acc 0.0912
RESULT w0512_wd0.1/ds19870_is479062: grok@-1  committee [33]  acc 0.0884
RESULT w0512_wd0.1/ds19870_is648223: grok@-1  committee [34, 53]  acc 0.0840
RESULT w0512_wd0.1/ds19870_is871231: grok@-1  committee [2]  acc 0.0992
RESULT w0512_wd0.3/ds15573_is135533: grok@-1  committee [15, 26, 31, 32, 40, 41, 43, 49, 54]  acc 0.0652
RESULT w0512_wd0.3/ds15573_is479062: grok@-1  committee [26, 37]  acc 0.1423
RESULT w0512_wd0.3/ds15573_is648223: grok@-1  committee [8]  acc 0.1346
RESULT w0512_wd0.3/ds15573_is871231: grok@-1  committee [20]  acc 0.0973
RESULT w0512_wd0.3/ds19870_is135533: grok@-1  committee [3]  acc 0.0903
RESULT w0512_wd0.3/ds19870_is479062: grok@-1  committee [33]  acc 0.0968
RESULT w0512_wd0.3/ds19870_is648223: grok@-1  committee [53]  acc 0.1003
RESULT w0512_wd0.3/ds19870_is871231: grok@-1  committee [2]  acc 0.1059
RESULT w0512_wd1/ds15573_is135533: grok@-1  committee [26, 41, 49]  acc 0.0827
RESULT w0512_wd1/ds15573_is479062: grok@-1  committee [26]  acc 0.1726
RESULT w0512_wd1/ds15573_is648223: grok@-1  committee [8]  acc 0.1737
RESULT w0512_wd1/ds15573_is871231: grok@-1  committee [20]  acc 0.1326
RESULT w0512_wd1/ds19870_is135533: grok@-1  committee [3]  acc 0.0974
RESULT w0512_wd1/ds19870_is479062: grok@-1  committee [33]  acc 0.1161
RESULT w0512_wd1/ds19870_is648223: grok@-1  committee [34, 53]  acc 0.2079
RESULT w0512_wd1/ds19870_is871231: grok@-1  committee [2]  acc 0.1333
RESULT w0512_wd3/ds15573_is135533: grok@1885  committee [26, 32, 41, 49, 54]  acc 0.9998
RESULT w0512_wd3/ds15573_is479062: grok@1655  committee [26, 37, 45, 51]  acc 1.0000
RESULT w0512_wd3/ds15573_is648223: grok@1090  committee [6, 8, 9, 40, 53]  acc 1.0000
RESULT w0512_wd3/ds15573_is871231: grok@1320  committee [20, 24, 49, 52]  acc 1.0000
RESULT w0512_wd3/ds19870_is135533: grok@1855  committee [3, 31, 32, 48, 52]  acc 0.9985
RESULT w0512_wd3/ds19870_is479062: grok@-1  committee [26, 33]  acc 0.4677
RESULT w0512_wd3/ds19870_is648223: grok@930  committee [23, 34, 52, 53]  acc 1.0000
RESULT w0512_wd3/ds19870_is871231: grok@1355  committee [2, 20, 52, 56]  acc 1.0000
width 1024: batch of 32 (32/32 pending)
batch 32 on cuda:  train 3830  test 8939  4 recipe(s) (lr, wd, tilt, cvar): [(0.001, 0.1, 0.0, 0.0), (0.001, 0.3, 0.0, 0.0), (0.001, 1.0, 0.0, 0.0), (0.001, 3.0, 0.0, 0.0)]
epoch    100  train 3.9132e-01  test med 1.0988e+01 mean 1.0526e+01 max 1.2335e+01  (28.5 eps/s x 32 = 911 run-eps/s)
epoch    200  train 1.5749e-02  test med 1.3952e+01 mean 1.3544e+01 max 1.6763e+01  (37.1 eps/s x 32 = 1186 run-eps/s)
epoch    300  train 5.2845e-03  test med 1.4559e+01 mean 1.4080e+01 max 1.8078e+01  (41.2 eps/s x 32 = 1319 run-eps/s)
epoch    400  train 1.8354e-03  test med 1.5303e+01 mean 1.4701e+01 max 1.9414e+01  (43.7 eps/s x 32 = 1398 run-eps/s)
epoch    500  train 6.4450e-04  test med 1.6086e+01 mean 1.5286e+01 max 2.0737e+01  (45.3 eps/s x 32 = 1450 run-eps/s)
epoch    600  train 2.2639e-04  test med 1.6889e+01 mean 1.5784e+01 max 2.2025e+01  (46.4 eps/s x 32 = 1486 run-eps/s)
epoch    700  train 7.9495e-05  test med 1.7704e+01 mean 1.6242e+01 max 2.3283e+01  (47.3 eps/s x 32 = 1513 run-eps/s)
epoch    800  train 2.8490e-05  test med 1.8500e+01 mean 1.6757e+01 max 2.4517e+01  (47.9 eps/s x 32 = 1534 run-eps/s)
epoch    900  train 1.0454e-05  test med 1.9259e+01 mean 1.7257e+01 max 2.5715e+01  (48.5 eps/s x 32 = 1550 run-eps/s)
epoch   1000  train 4.0721e-06  test med 1.9957e+01 mean 1.7697e+01 max 2.6837e+01  (48.9 eps/s x 32 = 1565 run-eps/s)
epoch   1100  train 1.7561e-06  test med 2.0544e+01 mean 1.8056e+01 max 2.7830e+01  (49.3 eps/s x 32 = 1576 run-eps/s)
epoch   1200  train 8.7117e-07  test med 2.0960e+01 mean 1.8257e+01 max 2.8623e+01  (49.6 eps/s x 32 = 1586 run-eps/s)
epoch   1300  train 5.1559e-07  test med 2.1168e+01 mean 1.8277e+01 max 2.9160e+01  (49.8 eps/s x 32 = 1594 run-eps/s)
epoch   1400  train 3.6951e-07  test med 2.1181e+01 mean 1.8161e+01 max 2.9448e+01  (50.1 eps/s x 32 = 1602 run-eps/s)
epoch   1500  train 3.0784e-07  test med 2.1069e+01 mean 1.7969e+01 max 2.9548e+01  (50.3 eps/s x 32 = 1608 run-eps/s)
epoch   1600  train 2.7928e-07  test med 2.0905e+01 mean 1.7788e+01 max 2.9536e+01  (50.4 eps/s x 32 = 1614 run-eps/s)
epoch   1700  train 2.6434e-07  test med 2.0724e+01 mean 1.7633e+01 max 2.9465e+01  (50.6 eps/s x 32 = 1619 run-eps/s)
epoch   1800  train 2.5514e-07  test med 2.0562e+01 mean 1.7477e+01 max 2.9371e+01  (50.7 eps/s x 32 = 1623 run-eps/s)
epoch   1900  train 2.4813e-07  test med 2.0426e+01 mean 1.7317e+01 max 2.9271e+01  (50.9 eps/s x 32 = 1627 run-eps/s)
epoch   2000  train 2.4276e-07  test med 2.0292e+01 mean 1.7152e+01 max 2.9169e+01  (51.0 eps/s x 32 = 1631 run-eps/s)
done: 2000 epochs x 32 runs in 39s
RESULT w1024_wd0.1/ds15573_is135533: grok@-1  committee [16, 49]  acc 0.1120
RESULT w1024_wd0.1/ds15573_is479062: grok@-1  committee [42]  acc 0.1490
RESULT w1024_wd0.1/ds15573_is648223: grok@-1  committee [40]  acc 0.1932
RESULT w1024_wd0.1/ds15573_is871231: grok@-1  committee [11, 15, 26, 49, 52]  acc 0.2356
RESULT w1024_wd0.1/ds19870_is135533: grok@-1  committee [3, 16]  acc 0.2406
RESULT w1024_wd0.1/ds19870_is479062: grok@-1  committee [26, 31, 33, 34]  acc 0.1501
RESULT w1024_wd0.1/ds19870_is648223: grok@-1  committee [5, 30]  acc 0.2128
RESULT w1024_wd0.1/ds19870_is871231: grok@-1  committee [13, 52]  acc 0.0982
RESULT w1024_wd0.3/ds15573_is135533: grok@-1  committee [16, 49]  acc 0.1356
RESULT w1024_wd0.3/ds15573_is479062: grok@-1  committee [42]  acc 0.1565
RESULT w1024_wd0.3/ds15573_is648223: grok@-1  committee [40]  acc 0.2091
RESULT w1024_wd0.3/ds15573_is871231: grok@-1  committee [11, 15, 26, 49, 52]  acc 0.2479
RESULT w1024_wd0.3/ds19870_is135533: grok@-1  committee [3, 16]  acc 0.2462
RESULT w1024_wd0.3/ds19870_is479062: grok@-1  committee [26, 31, 33, 34]  acc 0.1591
RESULT w1024_wd0.3/ds19870_is648223: grok@-1  committee [5]  acc 0.2178
RESULT w1024_wd0.3/ds19870_is871231: grok@-1  committee [13, 52]  acc 0.1123
RESULT w1024_wd1/ds15573_is135533: grok@-1  committee [16, 49]  acc 0.2077
RESULT w1024_wd1/ds15573_is479062: grok@-1  committee [42]  acc 0.1897
RESULT w1024_wd1/ds15573_is648223: grok@-1  committee [40]  acc 0.2711
RESULT w1024_wd1/ds15573_is871231: grok@-1  committee [11, 15, 26, 49, 52]  acc 0.2599
RESULT w1024_wd1/ds19870_is135533: grok@-1  committee [3, 16, 31, 32, 49]  acc 0.2735
RESULT w1024_wd1/ds19870_is479062: grok@-1  committee [26, 31, 33, 34]  acc 0.2777
RESULT w1024_wd1/ds19870_is648223: grok@-1  committee [5]  acc 0.2273
RESULT w1024_wd1/ds19870_is871231: grok@-1  committee [13, 52]  acc 0.1396
RESULT w1024_wd3/ds15573_is135533: grok@1585  committee [16, 21, 24, 49]  acc 1.0000
RESULT w1024_wd3/ds15573_is479062: grok@1450  committee [8, 14, 41, 42]  acc 1.0000
RESULT w1024_wd3/ds15573_is648223: grok@1110  committee [39, 40, 49, 53]  acc 1.0000
RESULT w1024_wd3/ds15573_is871231: grok@1675  committee [11, 15, 40, 49, 52]  acc 1.0000
RESULT w1024_wd3/ds19870_is135533: grok@885  committee [3, 31, 32]  acc 1.0000
RESULT w1024_wd3/ds19870_is479062: grok@765  committee [26, 31, 33, 34]  acc 1.0000
RESULT w1024_wd3/ds19870_is648223: grok@-1  committee [5, 20, 30, 52, 53]  acc 0.1981
RESULT w1024_wd3/ds19870_is871231: grok@1735  committee [13, 15, 25, 52]  acc 0.9996
width 2048: batch of 32 (32/32 pending)
batch 32 on cuda:  train 3830  test 8939  4 recipe(s) (lr, wd, tilt, cvar): [(0.001, 0.1, 0.0, 0.0), (0.001, 0.3, 0.0, 0.0), (0.001, 1.0, 0.0, 0.0), (0.001, 3.0, 0.0, 0.0)]
epoch    100  train 7.7193e-02  test med 1.1613e+01 mean 1.1077e+01 max 1.2812e+01  (24.9 eps/s x 32 = 798 run-eps/s)
epoch    200  train 1.0764e-02  test med 1.2101e+01 mean 1.1710e+01 max 1.4755e+01  (29.3 eps/s x 32 = 939 run-eps/s)
epoch    300  train 3.6176e-03  test med 1.2564e+01 mean 1.2088e+01 max 1.5681e+01  (31.2 eps/s x 32 = 997 run-eps/s)
epoch    400  train 1.2302e-03  test med 1.3168e+01 mean 1.2537e+01 max 1.6711e+01  (32.2 eps/s x 32 = 1029 run-eps/s)
epoch    500  train 4.1978e-04  test med 1.3817e+01 mean 1.2924e+01 max 1.7753e+01  (32.8 eps/s x 32 = 1049 run-eps/s)
epoch    600  train 1.4051e-04  test med 1.4494e+01 mean 1.3157e+01 max 1.8782e+01  (33.2 eps/s x 32 = 1063 run-eps/s)
epoch    700  train 4.6441e-05  test med 1.5183e+01 mean 1.3361e+01 max 1.9797e+01  (33.5 eps/s x 32 = 1073 run-eps/s)
epoch    800  train 1.5730e-05  test med 1.5871e+01 mean 1.3712e+01 max 2.0795e+01  (33.8 eps/s x 32 = 1081 run-eps/s)
epoch    900  train 5.7423e-06  test med 1.6549e+01 mean 1.4172e+01 max 2.1762e+01  (34.0 eps/s x 32 = 1087 run-eps/s)
epoch   1000  train 2.2944e-06  test med 1.7173e+01 mean 1.4582e+01 max 2.2680e+01  (34.1 eps/s x 32 = 1092 run-eps/s)
epoch   1100  train 1.0403e-06  test med 1.7716e+01 mean 1.4888e+01 max 2.3507e+01  (34.2 eps/s x 32 = 1096 run-eps/s)
epoch   1200  train 5.5452e-07  test med 1.8123e+01 mean 1.5054e+01 max 2.4181e+01  (34.4 eps/s x 32 = 1099 run-eps/s)
epoch   1300  train 3.6087e-07  test med 1.8348e+01 mean 1.5103e+01 max 2.4649e+01  (34.4 eps/s x 32 = 1102 run-eps/s)
epoch   1400  train 2.8686e-07  test med 1.8406e+01 mean 1.5047e+01 max 2.4910e+01  (34.5 eps/s x 32 = 1104 run-eps/s)
epoch   1500  train 2.5925e-07  test med 1.8359e+01 mean 1.4907e+01 max 2.5015e+01  (34.6 eps/s x 32 = 1106 run-eps/s)
epoch   1600  train 2.4704e-07  test med 1.8268e+01 mean 1.4735e+01 max 2.5024e+01  (34.6 eps/s x 32 = 1108 run-eps/s)
epoch   1700  train 2.3845e-07  test med 1.8165e+01 mean 1.4553e+01 max 2.4986e+01  (34.7 eps/s x 32 = 1110 run-eps/s)
epoch   1800  train 2.3004e-07  test med 1.8058e+01 mean 1.4373e+01 max 2.4928e+01  (34.7 eps/s x 32 = 1111 run-eps/s)
epoch   1900  train 2.2179e-07  test med 1.7948e+01 mean 1.4224e+01 max 2.4864e+01  (34.8 eps/s x 32 = 1112 run-eps/s)
epoch   2000  train 2.1604e-07  test med 1.7836e+01 mean 1.4093e+01 max 2.4800e+01  (34.8 eps/s x 32 = 1113 run-eps/s)
done: 2000 epochs x 32 runs in 58s
RESULT w2048_wd0.1/ds15573_is135533: grok@-1  committee [32, 46, 49]  acc 0.2848
RESULT w2048_wd0.1/ds15573_is479062: grok@-1  committee [8, 32, 37]  acc 0.1967
RESULT w2048_wd0.1/ds15573_is648223: grok@-1  committee [8, 20, 29, 49]  acc 0.2827
RESULT w2048_wd0.1/ds15573_is871231: grok@-1  committee [15]  acc 0.2894
RESULT w2048_wd0.1/ds19870_is135533: grok@-1  committee [3, 4, 23, 28, 31, 32, 33, 45, 46, 49, 52]  acc 0.2697
RESULT w2048_wd0.1/ds19870_is479062: grok@-1  committee [33]  acc 0.3000
RESULT w2048_wd0.1/ds19870_is648223: grok@-1  committee [20]  acc 0.2121
RESULT w2048_wd0.1/ds19870_is871231: grok@-1  committee [34, 52]  acc 0.2525
RESULT w2048_wd0.3/ds15573_is135533: grok@-1  committee [32, 46, 49]  acc 0.2865
RESULT w2048_wd0.3/ds15573_is479062: grok@-1  committee [8, 32]  acc 0.2029
RESULT w2048_wd0.3/ds15573_is648223: grok@-1  committee [8, 20, 29, 49]  acc 0.2858
RESULT w2048_wd0.3/ds15573_is871231: grok@-1  committee [15]  acc 0.2900
RESULT w2048_wd0.3/ds19870_is135533: grok@-1  committee [32]  acc 0.2744
RESULT w2048_wd0.3/ds19870_is479062: grok@-1  committee [33]  acc 0.3005
RESULT w2048_wd0.3/ds19870_is648223: grok@-1  committee [20]  acc 0.2170
RESULT w2048_wd0.3/ds19870_is871231: grok@-1  committee [34, 52]  acc 0.2656
RESULT w2048_wd1/ds15573_is135533: grok@-1  committee [32, 46, 49]  acc 0.3081
RESULT w2048_wd1/ds15573_is479062: grok@-1  committee [8, 32, 37]  acc 0.2124
RESULT w2048_wd1/ds15573_is648223: grok@-1  committee [49]  acc 0.2958
RESULT w2048_wd1/ds15573_is871231: grok@-1  committee [2, 15, 24, 25]  acc 0.3082
RESULT w2048_wd1/ds19870_is135533: grok@-1  committee [32]  acc 0.2959
RESULT w2048_wd1/ds19870_is479062: grok@-1  committee [33]  acc 0.3017
RESULT w2048_wd1/ds19870_is648223: grok@-1  committee [20]  acc 0.2335
RESULT w2048_wd1/ds19870_is871231: grok@-1  committee [34, 52]  acc 0.3015
RESULT w2048_wd3/ds15573_is135533: grok@730  committee [8, 32, 46, 49]  acc 1.0000
RESULT w2048_wd3/ds15573_is479062: grok@1815  committee [8, 26, 32, 37, 41]  acc 0.9999
RESULT w2048_wd3/ds15573_is648223: grok@905  committee [8, 29, 49]  acc 1.0000
RESULT w2048_wd3/ds15573_is871231: grok@795  committee [2, 15, 24, 25]  acc 1.0000
RESULT w2048_wd3/ds19870_is135533: grok@915  committee [3, 28, 32, 45, 46, 52]  acc 0.9998
RESULT w2048_wd3/ds19870_is479062: grok@1940  committee [13, 28, 33, 51, 55]  acc 0.9985
RESULT w2048_wd3/ds19870_is648223: grok@1370  committee [11, 20, 21, 34, 49, 56]  acc 1.0000
RESULT w2048_wd3/ds19870_is871231: grok@835  committee [15, 20, 34, 52]  acc 1.0000
width 4096: batch of 32 (32/32 pending)
batch 32 on cuda:  train 3830  test 8939  4 recipe(s) (lr, wd, tilt, cvar): [(0.001, 0.1, 0.0, 0.0), (0.001, 0.3, 0.0, 0.0), (0.001, 1.0, 0.0, 0.0), (0.001, 3.0, 0.0, 0.0)]
epoch    100  train 2.1984e-02  test med 1.1097e+01 mean 1.0777e+01 max 1.2047e+01  (16.2 eps/s x 32 = 518 run-eps/s)
epoch    200  train 8.6717e-03  test med 1.0773e+01 mean 1.0633e+01 max 1.2966e+01  (18.4 eps/s x 32 = 589 run-eps/s)
epoch    300  train 2.9147e-03  test med 1.1165e+01 mean 1.1026e+01 max 1.3669e+01  (19.3 eps/s x 32 = 617 run-eps/s)
epoch    400  train 9.9243e-04  test med 1.1707e+01 mean 1.1524e+01 max 1.4511e+01  (19.7 eps/s x 32 = 631 run-eps/s)
epoch    500  train 3.4299e-04  test med 1.2297e+01 mean 1.2007e+01 max 1.5384e+01  (20.0 eps/s x 32 = 641 run-eps/s)
epoch    600  train 1.1958e-04  test med 1.2908e+01 mean 1.2417e+01 max 1.6258e+01  (20.2 eps/s x 32 = 647 run-eps/s)
epoch    700  train 4.1905e-05  test med 1.3537e+01 mean 1.2701e+01 max 1.7122e+01  (20.4 eps/s x 32 = 651 run-eps/s)
epoch    800  train 1.4740e-05  test med 1.4183e+01 mean 1.2836e+01 max 1.7972e+01  (20.5 eps/s x 32 = 655 run-eps/s)
epoch    900  train 5.3747e-06  test med 1.4824e+01 mean 1.2990e+01 max 1.8805e+01  (20.5 eps/s x 32 = 658 run-eps/s)
epoch   1000  train 2.1673e-06  test med 1.5439e+01 mean 1.3266e+01 max 1.9608e+01  (20.6 eps/s x 32 = 660 run-eps/s)
epoch   1100  train 1.0011e-06  test med 1.5988e+01 mean 1.3555e+01 max 2.0351e+01  (20.7 eps/s x 32 = 661 run-eps/s)
epoch   1200  train 5.5179e-07  test med 1.6415e+01 mean 1.3767e+01 max 2.0978e+01  (20.6 eps/s x 32 = 660 run-eps/s)
epoch   1300  train 3.6881e-07  test med 1.6672e+01 mean 1.3832e+01 max 2.1426e+01  (20.7 eps/s x 32 = 661 run-eps/s)
epoch   1400  train 2.9320e-07  test med 1.6771e+01 mean 1.3775e+01 max 2.1686e+01  (20.7 eps/s x 32 = 663 run-eps/s)
epoch   1500  train 2.6195e-07  test med 1.6770e+01 mean 1.3677e+01 max 2.1803e+01  (20.7 eps/s x 32 = 664 run-eps/s)
epoch   1600  train 2.4633e-07  test med 1.6728e+01 mean 1.3558e+01 max 2.1833e+01  (20.8 eps/s x 32 = 665 run-eps/s)
epoch   1700  train 2.3629e-07  test med 1.6674e+01 mean 1.3461e+01 max 2.1818e+01  (20.8 eps/s x 32 = 666 run-eps/s)
epoch   1800  train 2.2906e-07  test med 1.6617e+01 mean 1.3394e+01 max 2.1783e+01  (20.8 eps/s x 32 = 666 run-eps/s)
epoch   1900  train 2.2257e-07  test med 1.6561e+01 mean 1.3330e+01 max 2.1742e+01  (20.8 eps/s x 32 = 667 run-eps/s)
epoch   2000  train 2.1768e-07  test med 1.6504e+01 mean 1.3264e+01 max 2.1700e+01  (20.9 eps/s x 32 = 668 run-eps/s)
done: 2000 epochs x 32 runs in 96s
RESULT w4096_wd0.1/ds15573_is135533: grok@-1  committee [31, 45, 49]  acc 0.2888
RESULT w4096_wd0.1/ds15573_is479062: grok@-1  committee [10]  acc 0.2609
RESULT w4096_wd0.1/ds15573_is648223: grok@-1  committee [6, 8, 16, 40, 44, 49, 53, 56]  acc 0.2895
RESULT w4096_wd0.1/ds15573_is871231: grok@-1  committee [15, 20, 24, 25]  acc 0.2895
RESULT w4096_wd0.1/ds19870_is135533: grok@-1  committee [31, 32]  acc 0.2996
RESULT w4096_wd0.1/ds19870_is479062: grok@-1  committee [9, 10]  acc 0.2862
RESULT w4096_wd0.1/ds19870_is648223: grok@-1  committee [53]  acc 0.3003
RESULT w4096_wd0.1/ds19870_is871231: grok@-1  committee [15, 25, 34]  acc 0.2814
RESULT w4096_wd0.3/ds15573_is135533: grok@-1  committee [31, 45, 49]  acc 0.2891
RESULT w4096_wd0.3/ds15573_is479062: grok@-1  committee [10, 12, 42]  acc 0.2601
RESULT w4096_wd0.3/ds15573_is648223: grok@-1  committee [53]  acc 0.2896
RESULT w4096_wd0.3/ds15573_is871231: grok@-1  committee [15, 20, 24, 25]  acc 0.2896
RESULT w4096_wd0.3/ds19870_is135533: grok@-1  committee [31, 32]  acc 0.2997
RESULT w4096_wd0.3/ds19870_is479062: grok@-1  committee [9, 10]  acc 0.2817
RESULT w4096_wd0.3/ds19870_is648223: grok@-1  committee [53]  acc 0.3005
RESULT w4096_wd0.3/ds19870_is871231: grok@-1  committee [15, 25, 34]  acc 0.2844
RESULT w4096_wd1/ds15573_is135533: grok@-1  committee [31, 49]  acc 0.2900
RESULT w4096_wd1/ds15573_is479062: grok@-1  committee [10, 12, 42]  acc 0.2638
RESULT w4096_wd1/ds15573_is648223: grok@-1  committee [53]  acc 0.2905
RESULT w4096_wd1/ds15573_is871231: grok@-1  committee [24]  acc 0.2909
RESULT w4096_wd1/ds19870_is135533: grok@-1  committee [32]  acc 0.3024
RESULT w4096_wd1/ds19870_is479062: grok@-1  committee [9, 10]  acc 0.2762
RESULT w4096_wd1/ds19870_is648223: grok@-1  committee [53]  acc 0.3017
RESULT w4096_wd1/ds19870_is871231: grok@-1  committee [15, 25, 34]  acc 0.2910
RESULT w4096_wd3/ds15573_is135533: grok@1120  committee [8, 31, 45, 49]  acc 1.0000
RESULT w4096_wd3/ds15573_is479062: grok@1580  committee [8, 10, 12, 35, 42, 55]  acc 0.9996
RESULT w4096_wd3/ds15573_is648223: grok@950  committee [6, 8, 40, 49, 53]  acc 1.0000
RESULT w4096_wd3/ds15573_is871231: grok@1010  committee [2, 15, 24, 25]  acc 1.0000
RESULT w4096_wd3/ds19870_is135533: grok@1055  committee [4, 6, 11, 31, 32, 45]  acc 1.0000
RESULT w4096_wd3/ds19870_is479062: grok@1820  committee [9, 10, 32, 55]  acc 1.0000
RESULT w4096_wd3/ds19870_is648223: grok@1555  committee [5, 9, 30, 33, 53]  acc 0.9991
RESULT w4096_wd3/ds19870_is871231: grok@1180  committee [4, 15, 25, 34, 52]  acc 1.0000
dial sweep done: 192 trained, 0 already present, 192 total, 303s
