=== stage collision_farm started Mon Aug  3 04:00:32 IST 2026 ===
Suite D — engineered repair events across masks (claim 4's n=2 problem).

The 'repair strips additive degeneracy' claim has exactly two on-demand
demonstrations, both on base seed27058 (T26 collision, T28 boost). This
farm manufactures four more repair events on four bases spanning three
masks: boost t = fold(i+j) of the two strongest committee members by x2.25
energy, inviting an additive trio {i, j, t}.

Bases: runs/seed1/seed21245 (ds1), runs/seed2/seed51376 (ds2),
runs/p-113/seed2034/seed33428 (ds2034), runs/og_seed0/seed63523 (ds0).

PRE-REGISTERED PREDICTIONS (from T26/T28 and the composition census):
  P-D1 (primary): no final committee contains the full additive trio
        {i, j, t} — the degenerate triple is always broken.
  P-D2: t is adopted (x2.25 was dominant-adoption dose in both prior arms).
  P-D3: the break is a LOCAL single-member repair: exactly one of {i, j}
        evicted (plus possibly unrelated churn), recruits from the menu.
  P-D4: final committees are additive-clean (no sum/diff pairs).
Each evicted-member identity is logged for the swap-choice census.


##### base seed1/seed21245: committee [6, 21, 23, 43], boost t=27 = fold(6(+/-)21) x2.25 #####
train: 3830  test: 8939
epoch   4000  train 2.5597e-07  test 8.0064e+00  (29 epochs/s)
epoch   8000  train 9.6829e-08  test 1.9181e-07  (29 epochs/s)
done: 10000 epochs in 356s -> /Users/ruhaanrajadhyaksha/projects/grok/runs/collisionfarm/seed21245_t27
RESULT seed21245: grok@5000 committee [3, 6, 23, 27] acc 1.0000
  trio {6,21,27} members in final: [6, 27] (P-D1 broken trio: True)
  evicted from original committee: [21, 43]; final additive violations: [(3, 6)]

##### base seed2/seed51376: committee [8, 14, 15, 27], boost t=35 = fold(27(+/-)8) x2.25 #####
train: 3830  test: 8939
epoch   4000  train 2.7852e-07  test 1.3079e+01  (25 epochs/s)
epoch   8000  train 1.1057e-07  test 5.6426e-06  (27 epochs/s)
done: 10000 epochs in 370s -> /Users/ruhaanrajadhyaksha/projects/grok/runs/collisionfarm/seed51376_t35
RESULT seed51376: grok@6700 committee [2, 11, 14, 35] acc 1.0000
  trio {27,8,35} members in final: [35] (P-D1 broken trio: True)
  evicted from original committee: [8, 15, 27]; final additive violations: []

##### base p-113/seed2034/seed33428: committee [4, 25, 51, 56], boost t=55 = fold(4(+/-)51) x2.25 #####
train: 3830  test: 8939
epoch   4000  train 1.1722e-07  test 2.7175e-04  (29 epochs/s)
epoch   8000  train 9.7975e-08  test 5.4977e-07  (29 epochs/s)
done: 10000 epochs in 349s -> /Users/ruhaanrajadhyaksha/projects/grok/runs/collisionfarm/seed33428_t55
RESULT seed33428: grok@3700 committee [25, 51, 55, 56] acc 1.0000
  trio {4,51,55} members in final: [51, 55] (P-D1 broken trio: True)
  evicted from original committee: [4]; final additive violations: []

##### base og_seed0/seed63523: committee [16, 23, 41, 52], boost t=56 = fold(41(+/-)16) x2.25 #####
train: 3830  test: 8939
epoch   4000  train 2.6494e-07  test 1.0912e+01  (29 epochs/s)
epoch   8000  train 9.5110e-08  test 2.7732e-07  (29 epochs/s)
done: 10000 epochs in 349s -> /Users/ruhaanrajadhyaksha/projects/grok/runs/collisionfarm/seed63523_t56
RESULT seed63523: grok@5600 committee [16, 34, 52, 56] acc 1.0000
  trio {41,16,56} members in final: [16, 56] (P-D1 broken trio: True)
  evicted from original committee: [23, 41]; final additive violations: []

COLLISION FARM DONE
=== stage collision_farm exit 0 Mon Aug  3 04:24:17 IST 2026 ===
