usage: train.py [-h] [--run-name RUN_NAME] [--p P] [--num-epochs NUM_EPOCHS]
                [--init-seed INIT_SEED] [--embed-init {normal,orthogonal}]
                [--data-seed DATA_SEED] [--unroll UNROLL]
                [--loss-dtype {f32,f64}] [--adam-eps ADAM_EPS]
                [--init-from INIT_FROM] [--lr LR] [--save-every SAVE_EVERY]
                [--spectra-every SPECTRA_EVERY]
train.py: error: argument --data-seed: invalid int value: '2034 11285'
=== orthWE p-113 data 2034 init 11285 (18:45:22) ===
train: 3830  test: 8939
epoch    100  train 1.2363e+00  test 9.1130e+00  (25 epochs/s)
epoch    200  train 1.5868e-02  test 1.5346e+01  (26 epochs/s)
epoch    300  train 5.4591e-03  test 1.5836e+01  (26 epochs/s)
epoch    400  train 1.7852e-03  test 1.6641e+01  (26 epochs/s)
epoch    500  train 5.9544e-04  test 1.7513e+01  (27 epochs/s)
epoch    600  train 2.0125e-04  test 1.8404e+01  (27 epochs/s)
epoch    700  train 6.9047e-05  test 1.9289e+01  (27 epochs/s)
epoch    800  train 2.4072e-05  test 2.0168e+01  (27 epochs/s)
epoch    900  train 8.6542e-06  test 2.1012e+01  (27 epochs/s)
epoch   1000  train 3.2906e-06  test 2.1792e+01  (26 epochs/s)
epoch   1100  train 1.3981e-06  test 2.2448e+01  (27 epochs/s)
epoch   1200  train 7.1291e-07  test 2.2902e+01  (26 epochs/s)
epoch   1300  train 4.5905e-07  test 2.3098e+01  (26 epochs/s)
epoch   1400  train 3.6858e-07  test 2.3060e+01  (26 epochs/s)
epoch   1500  train 3.4154e-07  test 2.2863e+01  (25 epochs/s)
epoch   1600  train 3.3475e-07  test 2.2593e+01  (25 epochs/s)
epoch   1700  train 3.3290e-07  test 2.2308e+01  (24 epochs/s)
epoch   1800  train 3.3140e-07  test 2.2007e+01  (24 epochs/s)
epoch   1900  train 3.2981e-07  test 2.1703e+01  (20 epochs/s)
epoch   2000  train 3.2778e-07  test 2.1382e+01  (17 epochs/s)
epoch   2100  train 3.2574e-07  test 2.1048e+01  (16 epochs/s)
epoch   2200  train 3.2378e-07  test 2.0699e+01  (15 epochs/s)
epoch   2300  train 3.2148e-07  test 2.0335e+01  (15 epochs/s)
epoch   2400  train 3.1943e-07  test 1.9942e+01  (15 epochs/s)
epoch   2500  train 3.1706e-07  test 1.9528e+01  (15 epochs/s)
epoch   2600  train 3.1490e-07  test 1.9096e+01  (15 epochs/s)
epoch   2700  train 3.1241e-07  test 1.8650e+01  (15 epochs/s)
epoch   2800  train 3.1000e-07  test 1.8187e+01  (15 epochs/s)
epoch   2900  train 3.0755e-07  test 1.7701e+01  (14 epochs/s)
epoch   3000  train 3.0518e-07  test 1.7206e+01  (15 epochs/s)
epoch   3100  train 3.0266e-07  test 1.6683e+01  (15 epochs/s)
epoch   3200  train 2.9994e-07  test 1.6139e+01  (15 epochs/s)
epoch   3300  train 2.9738e-07  test 1.5570e+01  (15 epochs/s)
epoch   3400  train 2.9453e-07  test 1.4973e+01  (15 epochs/s)
epoch   3500  train 2.9148e-07  test 1.4346e+01  (15 epochs/s)
epoch   3600  train 2.8837e-07  test 1.3698e+01  (15 epochs/s)
epoch   3700  train 2.8524e-07  test 1.3021e+01  (15 epochs/s)
epoch   3800  train 2.8196e-07  test 1.2319e+01  (15 epochs/s)
epoch   3900  train 2.7842e-07  test 1.1596e+01  (15 epochs/s)
epoch   4000  train 2.7454e-07  test 1.0847e+01  (16 epochs/s)
epoch   4100  train 2.7047e-07  test 1.0064e+01  (15 epochs/s)
epoch   4200  train 2.6583e-07  test 9.2227e+00  (16 epochs/s)
epoch   4300  train 2.6104e-07  test 8.3368e+00  (16 epochs/s)
epoch   4400  train 2.5528e-07  test 7.4009e+00  (16 epochs/s)
epoch   4500  train 2.4891e-07  test 6.4090e+00  (16 epochs/s)
epoch   4600  train 2.4127e-07  test 5.3650e+00  (16 epochs/s)
epoch   4700  train 2.3294e-07  test 4.2835e+00  (16 epochs/s)
epoch   4800  train 2.2322e-07  test 3.2086e+00  (16 epochs/s)
epoch   4900  train 2.1291e-07  test 2.2239e+00  (16 epochs/s)
epoch   5000  train 2.0260e-07  test 1.4124e+00  (16 epochs/s)
epoch   5100  train 1.9248e-07  test 8.2934e-01  (16 epochs/s)
epoch   5200  train 1.8284e-07  test 4.6431e-01  (16 epochs/s)
epoch   5300  train 1.7299e-07  test 2.5279e-01  (16 epochs/s)
epoch   5400  train 1.6379e-07  test 1.3190e-01  (16 epochs/s)
epoch   5500  train 1.5576e-07  test 6.4907e-02  (17 epochs/s)
epoch   5600  train 1.4903e-07  test 3.2433e-02  (17 epochs/s)
epoch   5700  train 1.4340e-07  test 1.6885e-02  (17 epochs/s)
epoch   5800  train 1.3871e-07  test 8.8731e-03  (17 epochs/s)
epoch   5900  train 1.3444e-07  test 5.0483e-03  (17 epochs/s)
epoch   6000  train 1.3075e-07  test 3.1491e-03  (17 epochs/s)
epoch   6100  train 1.2737e-07  test 2.0677e-03  (17 epochs/s)
epoch   6200  train 1.2488e-07  test 1.4487e-03  (17 epochs/s)
epoch   6300  train 1.2257e-07  test 1.0564e-03  (17 epochs/s)
epoch   6400  train 1.2060e-07  test 7.5575e-04  (17 epochs/s)
epoch   6500  train 1.1894e-07  test 5.2159e-04  (17 epochs/s)
epoch   6600  train 1.1757e-07  test 3.5593e-04  (17 epochs/s)
epoch   6700  train 1.1629e-07  test 2.4375e-04  (17 epochs/s)
epoch   6800  train 1.1525e-07  test 1.6694e-04  (17 epochs/s)
epoch   6900  train 1.1431e-07  test 1.1383e-04  (18 epochs/s)
epoch   7000  train 1.1348e-07  test 7.6238e-05  (18 epochs/s)
epoch   7100  train 1.1281e-07  test 5.4639e-05  (18 epochs/s)
epoch   7200  train 1.1220e-07  test 4.0062e-05  (18 epochs/s)
epoch   7300  train 1.1165e-07  test 2.8144e-05  (18 epochs/s)
epoch   7400  train 1.1115e-07  test 2.3004e-05  (18 epochs/s)
epoch   7500  train 1.1071e-07  test 1.9330e-05  (18 epochs/s)
epoch   7600  train 1.1034e-07  test 1.5456e-05  (18 epochs/s)
epoch   7700  train 1.1002e-07  test 1.1726e-05  (18 epochs/s)
epoch   7800  train 1.0973e-07  test 9.3002e-06  (18 epochs/s)
epoch   7900  train 1.0946e-07  test 7.6454e-06  (18 epochs/s)
epoch   8000  train 1.0923e-07  test 6.5729e-06  (18 epochs/s)
epoch   8100  train 1.0901e-07  test 5.6872e-06  (18 epochs/s)
epoch   8200  train 1.0881e-07  test 4.9968e-06  (18 epochs/s)
epoch   8300  train 1.0864e-07  test 4.4714e-06  (18 epochs/s)
epoch   8400  train 1.0847e-07  test 4.0756e-06  (18 epochs/s)
epoch   8500  train 1.0833e-07  test 3.7963e-06  (18 epochs/s)
epoch   8600  train 1.0819e-07  test 3.5728e-06  (18 epochs/s)
epoch   8700  train 1.0805e-07  test 3.4104e-06  (18 epochs/s)
epoch   8800  train 1.0793e-07  test 3.2925e-06  (19 epochs/s)
epoch   8900  train 1.0782e-07  test 3.1739e-06  (19 epochs/s)
epoch   9000  train 1.0770e-07  test 3.0293e-06  (19 epochs/s)
epoch   9100  train 1.0759e-07  test 2.9370e-06  (19 epochs/s)
epoch   9200  train 1.0749e-07  test 2.8496e-06  (19 epochs/s)
epoch   9300  train 1.0740e-07  test 2.8172e-06  (19 epochs/s)
epoch   9400  train 1.0730e-07  test 2.7811e-06  (19 epochs/s)
epoch   9500  train 1.0721e-07  test 2.7321e-06  (19 epochs/s)
epoch   9600  train 1.0712e-07  test 2.6189e-06  (19 epochs/s)
epoch   9700  train 1.0704e-07  test 2.5157e-06  (19 epochs/s)
epoch   9800  train 1.0697e-07  test 2.4327e-06  (19 epochs/s)
epoch   9900  train 1.0690e-07  test 2.3990e-06  (19 epochs/s)
epoch  10000  train 1.0682e-07  test 2.3632e-06  (19 epochs/s)
epoch  10100  train 1.0675e-07  test 2.2901e-06  (19 epochs/s)
epoch  10200  train 1.0668e-07  test 2.2375e-06  (19 epochs/s)
epoch  10300  train 1.0662e-07  test 2.1718e-06  (19 epochs/s)
epoch  10400  train 1.0655e-07  test 2.0345e-06  (19 epochs/s)
epoch  10500  train 1.0648e-07  test 1.9367e-06  (19 epochs/s)
epoch  10600  train 1.0642e-07  test 1.8850e-06  (19 epochs/s)
epoch  10700  train 1.0636e-07  test 1.8501e-06  (19 epochs/s)
epoch  10800  train 1.0630e-07  test 1.8239e-06  (19 epochs/s)
epoch  10900  train 1.0625e-07  test 1.8034e-06  (19 epochs/s)
epoch  11000  train 1.0620e-07  test 1.7824e-06  (19 epochs/s)
epoch  11100  train 1.0615e-07  test 1.7733e-06  (19 epochs/s)
epoch  11200  train 1.0610e-07  test 1.7605e-06  (19 epochs/s)
epoch  11300  train 1.0604e-07  test 1.6842e-06  (19 epochs/s)
epoch  11400  train 1.0599e-07  test 1.6366e-06  (19 epochs/s)
epoch  11500  train 1.0595e-07  test 1.6007e-06  (19 epochs/s)
epoch  11600  train 1.0591e-07  test 1.5700e-06  (19 epochs/s)
epoch  11700  train 1.0587e-07  test 1.5617e-06  (19 epochs/s)
epoch  11800  train 1.0583e-07  test 1.5582e-06  (19 epochs/s)
epoch  11900  train 1.0580e-07  test 1.5543e-06  (20 epochs/s)
epoch  12000  train 1.0575e-07  test 1.5519e-06  (20 epochs/s)
epoch  12100  train 1.0571e-07  test 1.5465e-06  (20 epochs/s)
epoch  12200  train 1.0567e-07  test 1.5428e-06  (20 epochs/s)
epoch  12300  train 1.0563e-07  test 1.5324e-06  (20 epochs/s)
epoch  12400  train 1.0560e-07  test 1.5281e-06  (20 epochs/s)
epoch  12500  train 1.0556e-07  test 1.5372e-06  (20 epochs/s)
epoch  12600  train 1.0553e-07  test 1.5465e-06  (20 epochs/s)
epoch  12700  train 1.0550e-07  test 1.5355e-06  (20 epochs/s)
epoch  12800  train 1.0547e-07  test 1.5294e-06  (20 epochs/s)
epoch  12900  train 1.0544e-07  test 1.5309e-06  (20 epochs/s)
epoch  13000  train 1.0541e-07  test 1.5363e-06  (20 epochs/s)
epoch  13100  train 1.0538e-07  test 1.5463e-06  (20 epochs/s)
epoch  13200  train 1.0535e-07  test 1.5462e-06  (20 epochs/s)
epoch  13300  train 1.0532e-07  test 1.5586e-06  (20 epochs/s)
epoch  13400  train 1.0529e-07  test 1.5730e-06  (20 epochs/s)
epoch  13500  train 1.0527e-07  test 1.5784e-06  (20 epochs/s)
epoch  13600  train 1.0524e-07  test 1.5902e-06  (20 epochs/s)
epoch  13700  train 1.0522e-07  test 1.5962e-06  (20 epochs/s)
epoch  13800  train 1.0519e-07  test 1.5923e-06  (20 epochs/s)
epoch  13900  train 1.0517e-07  test 1.6002e-06  (20 epochs/s)
epoch  14000  train 1.0514e-07  test 1.6013e-06  (20 epochs/s)
epoch  14100  train 1.0512e-07  test 1.5933e-06  (20 epochs/s)
epoch  14200  train 1.0509e-07  test 1.5919e-06  (20 epochs/s)
epoch  14300  train 1.0507e-07  test 1.5950e-06  (20 epochs/s)
epoch  14400  train 1.0505e-07  test 1.6029e-06  (20 epochs/s)
epoch  14500  train 1.0503e-07  test 1.6115e-06  (20 epochs/s)
epoch  14600  train 1.0501e-07  test 1.6176e-06  (20 epochs/s)
epoch  14700  train 1.0499e-07  test 1.6311e-06  (20 epochs/s)
epoch  14800  train 1.0497e-07  test 1.6379e-06  (20 epochs/s)
epoch  14900  train 1.0495e-07  test 1.6314e-06  (20 epochs/s)
epoch  15000  train 1.0494e-07  test 1.6470e-06  (20 epochs/s)
epoch  15100  train 1.0492e-07  test 1.6592e-06  (20 epochs/s)
epoch  15200  train 1.0490e-07  test 1.6736e-06  (20 epochs/s)
epoch  15300  train 1.0489e-07  test 1.6930e-06  (20 epochs/s)
epoch  15400  train 1.0487e-07  test 1.7105e-06  (20 epochs/s)
epoch  15500  train 1.0486e-07  test 1.7250e-06  (20 epochs/s)
epoch  15600  train 1.0484e-07  test 1.7350e-06  (20 epochs/s)
epoch  15700  train 1.0482e-07  test 1.7440e-06  (20 epochs/s)
epoch  15800  train 1.0481e-07  test 1.7513e-06  (20 epochs/s)
epoch  15900  train 1.0479e-07  test 1.7645e-06  (20 epochs/s)
epoch  16000  train 1.0478e-07  test 1.7874e-06  (20 epochs/s)
epoch  16100  train 1.0476e-07  test 1.8146e-06  (20 epochs/s)
epoch  16200  train 1.0475e-07  test 1.8403e-06  (20 epochs/s)
epoch  16300  train 1.0474e-07  test 1.8693e-06  (20 epochs/s)
epoch  16400  train 1.0472e-07  test 1.8930e-06  (20 epochs/s)
epoch  16500  train 1.0471e-07  test 1.9116e-06  (20 epochs/s)
epoch  16600  train 1.0469e-07  test 1.9317e-06  (20 epochs/s)
epoch  16700  train 1.0468e-07  test 1.9647e-06  (20 epochs/s)
epoch  16800  train 1.0467e-07  test 1.9813e-06  (20 epochs/s)
epoch  16900  train 1.0465e-07  test 1.9978e-06  (20 epochs/s)
epoch  17000  train 1.0464e-07  test 2.0047e-06  (20 epochs/s)
epoch  17100  train 1.0463e-07  test 2.0197e-06  (20 epochs/s)
epoch  17200  train 1.0461e-07  test 2.0300e-06  (20 epochs/s)
epoch  17300  train 1.0460e-07  test 2.0444e-06  (20 epochs/s)
epoch  17400  train 1.0459e-07  test 2.0641e-06  (20 epochs/s)
epoch  17500  train 1.0458e-07  test 2.0733e-06  (20 epochs/s)
epoch  17600  train 1.0457e-07  test 2.0931e-06  (20 epochs/s)
epoch  17700  train 1.0455e-07  test 2.1009e-06  (20 epochs/s)
epoch  17800  train 1.0454e-07  test 2.1101e-06  (20 epochs/s)
epoch  17900  train 1.0453e-07  test 2.1254e-06  (20 epochs/s)
epoch  18000  train 1.0452e-07  test 2.1471e-06  (20 epochs/s)
epoch  18100  train 1.0451e-07  test 2.1833e-06  (20 epochs/s)
epoch  18200  train 1.0450e-07  test 2.2160e-06  (20 epochs/s)
epoch  18300  train 1.0449e-07  test 2.2471e-06  (20 epochs/s)
epoch  18400  train 1.0448e-07  test 2.2785e-06  (20 epochs/s)
epoch  18500  train 1.0447e-07  test 2.3171e-06  (20 epochs/s)
epoch  18600  train 1.0445e-07  test 2.3342e-06  (20 epochs/s)
epoch  18700  train 1.0444e-07  test 2.3609e-06  (20 epochs/s)
epoch  18800  train 1.0443e-07  test 2.3865e-06  (20 epochs/s)
epoch  18900  train 1.0442e-07  test 2.4092e-06  (20 epochs/s)
epoch  19000  train 1.0441e-07  test 2.4443e-06  (20 epochs/s)
epoch  19100  train 1.0440e-07  test 2.4676e-06  (20 epochs/s)
epoch  19200  train 1.0439e-07  test 2.4868e-06  (20 epochs/s)
epoch  19300  train 1.0438e-07  test 2.4915e-06  (20 epochs/s)
epoch  19400  train 1.0437e-07  test 2.4840e-06  (20 epochs/s)
epoch  19500  train 1.0437e-07  test 2.4737e-06  (20 epochs/s)
epoch  19600  train 1.0436e-07  test 2.4465e-06  (20 epochs/s)
epoch  19700  train 1.0435e-07  test 2.4380e-06  (20 epochs/s)
epoch  19800  train 1.0434e-07  test 2.4261e-06  (20 epochs/s)
epoch  19900  train 1.0433e-07  test 2.4155e-06  (20 epochs/s)
epoch  20000  train 1.0433e-07  test 2.4214e-06  (20 epochs/s)
epoch  20100  train 1.0432e-07  test 2.4231e-06  (20 epochs/s)
epoch  20200  train 1.0431e-07  test 2.4381e-06  (20 epochs/s)
epoch  20300  train 1.0430e-07  test 2.4591e-06  (20 epochs/s)
epoch  20400  train 1.0429e-07  test 2.4695e-06  (20 epochs/s)
epoch  20500  train 1.0429e-07  test 2.4800e-06  (20 epochs/s)
epoch  20600  train 1.0428e-07  test 2.4784e-06  (20 epochs/s)
epoch  20700  train 1.0427e-07  test 2.4959e-06  (20 epochs/s)
epoch  20800  train 1.0426e-07  test 2.5010e-06  (20 epochs/s)
epoch  20900  train 1.0425e-07  test 2.4941e-06  (20 epochs/s)
epoch  21000  train 1.0425e-07  test 2.4638e-06  (20 epochs/s)
epoch  21100  train 1.0424e-07  test 2.4541e-06  (20 epochs/s)
epoch  21200  train 1.0423e-07  test 2.4421e-06  (20 epochs/s)
epoch  21300  train 1.0423e-07  test 2.4395e-06  (20 epochs/s)
epoch  21400  train 1.0422e-07  test 2.4480e-06  (20 epochs/s)
epoch  21500  train 1.0421e-07  test 2.4607e-06  (20 epochs/s)
epoch  21600  train 1.0420e-07  test 2.4755e-06  (20 epochs/s)
epoch  21700  train 1.0420e-07  test 2.4771e-06  (20 epochs/s)
epoch  21800  train 1.0419e-07  test 2.4954e-06  (20 epochs/s)
epoch  21900  train 1.0418e-07  test 2.5119e-06  (20 epochs/s)
epoch  22000  train 1.0418e-07  test 2.5299e-06  (20 epochs/s)
epoch  22100  train 1.0417e-07  test 2.5251e-06  (20 epochs/s)
epoch  22200  train 1.0416e-07  test 2.5393e-06  (20 epochs/s)
epoch  22300  train 1.0416e-07  test 2.5616e-06  (20 epochs/s)
epoch  22400  train 1.0415e-07  test 2.5643e-06  (20 epochs/s)
epoch  22500  train 1.0414e-07  test 2.5603e-06  (20 epochs/s)
epoch  22600  train 1.0413e-07  test 2.5555e-06  (20 epochs/s)
epoch  22700  train 1.0413e-07  test 2.5674e-06  (20 epochs/s)
epoch  22800  train 1.0412e-07  test 2.5723e-06  (20 epochs/s)
epoch  22900  train 1.0412e-07  test 2.5972e-06  (20 epochs/s)
epoch  23000  train 1.0411e-07  test 2.6067e-06  (20 epochs/s)
epoch  23100  train 1.0410e-07  test 2.6232e-06  (20 epochs/s)
epoch  23200  train 1.0410e-07  test 2.6277e-06  (20 epochs/s)
epoch  23300  train 1.0409e-07  test 2.6314e-06  (20 epochs/s)
epoch  23400  train 1.0409e-07  test 2.6466e-06  (20 epochs/s)
epoch  23500  train 1.0408e-07  test 2.7504e-06  (20 epochs/s)
epoch  23600  train 1.0408e-07  test 2.9406e-06  (20 epochs/s)
epoch  23700  train 1.0407e-07  test 3.0601e-06  (20 epochs/s)
epoch  23800  train 1.0406e-07  test 3.1732e-06  (20 epochs/s)
epoch  23900  train 1.0406e-07  test 3.2540e-06  (20 epochs/s)
epoch  24000  train 1.0406e-07  test 3.3278e-06  (19 epochs/s)
epoch  24100  train 1.0405e-07  test 3.4092e-06  (19 epochs/s)
epoch  24200  train 1.0405e-07  test 3.4563e-06  (19 epochs/s)
epoch  24300  train 1.0404e-07  test 3.4985e-06  (19 epochs/s)
epoch  24400  train 1.0404e-07  test 3.5342e-06  (19 epochs/s)
epoch  24500  train 1.0403e-07  test 3.5403e-06  (19 epochs/s)
epoch  24600  train 1.0402e-07  test 3.5397e-06  (19 epochs/s)
epoch  24700  train 1.0402e-07  test 3.5517e-06  (19 epochs/s)
epoch  24800  train 1.0402e-07  test 3.5536e-06  (19 epochs/s)
epoch  24900  train 1.0401e-07  test 3.5457e-06  (19 epochs/s)
epoch  25000  train 1.0401e-07  test 3.5449e-06  (19 epochs/s)
epoch  25100  train 1.0400e-07  test 3.5435e-06  (19 epochs/s)
epoch  25200  train 1.0400e-07  test 3.5375e-06  (19 epochs/s)
epoch  25300  train 1.0399e-07  test 3.5404e-06  (19 epochs/s)
epoch  25400  train 1.0398e-07  test 3.5103e-06  (19 epochs/s)
epoch  25500  train 1.0398e-07  test 3.4846e-06  (19 epochs/s)
epoch  25600  train 1.0397e-07  test 3.4586e-06  (19 epochs/s)
epoch  25700  train 1.0397e-07  test 3.4300e-06  (19 epochs/s)
epoch  25800  train 1.0396e-07  test 3.4007e-06  (19 epochs/s)
epoch  25900  train 1.0396e-07  test 3.3856e-06  (19 epochs/s)
epoch  26000  train 1.0395e-07  test 3.3576e-06  (19 epochs/s)
epoch  26100  train 1.0395e-07  test 3.3255e-06  (19 epochs/s)
epoch  26200  train 1.0394e-07  test 3.2664e-06  (19 epochs/s)
epoch  26300  train 1.0393e-07  test 3.2149e-06  (19 epochs/s)
epoch  26400  train 1.0393e-07  test 3.1888e-06  (19 epochs/s)
epoch  26500  train 1.0393e-07  test 3.1474e-06  (19 epochs/s)
epoch  26600  train 1.0392e-07  test 3.1126e-06  (19 epochs/s)
epoch  26700  train 1.0392e-07  test 3.0770e-06  (19 epochs/s)
epoch  26800  train 1.0392e-07  test 3.0293e-06  (19 epochs/s)
epoch  26900  train 1.0391e-07  test 2.9888e-06  (19 epochs/s)
epoch  27000  train 1.0391e-07  test 2.9756e-06  (19 epochs/s)
epoch  27100  train 1.0391e-07  test 2.9666e-06  (19 epochs/s)
epoch  27200  train 1.0390e-07  test 2.9581e-06  (19 epochs/s)
epoch  27300  train 1.0390e-07  test 2.9500e-06  (19 epochs/s)
epoch  27400  train 1.0389e-07  test 2.9611e-06  (19 epochs/s)
epoch  27500  train 1.0389e-07  test 2.9579e-06  (19 epochs/s)
epoch  27600  train 1.0389e-07  test 2.9454e-06  (19 epochs/s)
epoch  27700  train 1.0388e-07  test 2.9088e-06  (19 epochs/s)
epoch  27800  train 1.0387e-07  test 2.8666e-06  (19 epochs/s)
epoch  27900  train 1.0387e-07  test 2.8418e-06  (19 epochs/s)
epoch  28000  train 1.0386e-07  test 2.8319e-06  (19 epochs/s)
epoch  28100  train 1.0386e-07  test 2.8097e-06  (19 epochs/s)
epoch  28200  train 1.0386e-07  test 2.7917e-06  (19 epochs/s)
epoch  28300  train 1.0385e-07  test 2.7763e-06  (19 epochs/s)
epoch  28400  train 1.0385e-07  test 2.7558e-06  (19 epochs/s)
epoch  28500  train 1.0385e-07  test 2.7348e-06  (19 epochs/s)
epoch  28600  train 1.0384e-07  test 2.7229e-06  (19 epochs/s)
epoch  28700  train 1.0384e-07  test 2.7241e-06  (19 epochs/s)
epoch  28800  train 1.0384e-07  test 2.7341e-06  (19 epochs/s)
epoch  28900  train 1.0384e-07  test 2.7411e-06  (19 epochs/s)
epoch  29000  train 1.0383e-07  test 2.7338e-06  (19 epochs/s)
epoch  29100  train 1.0383e-07  test 2.7345e-06  (19 epochs/s)
epoch  29200  train 1.0383e-07  test 2.7371e-06  (19 epochs/s)
epoch  29300  train 1.0382e-07  test 2.7387e-06  (19 epochs/s)
epoch  29400  train 1.0382e-07  test 2.7342e-06  (19 epochs/s)
epoch  29500  train 1.0381e-07  test 2.7311e-06  (19 epochs/s)
epoch  29600  train 1.0381e-07  test 2.7681e-06  (19 epochs/s)
epoch  29700  train 1.0381e-07  test 2.7837e-06  (19 epochs/s)
epoch  29800  train 1.0381e-07  test 2.7969e-06  (19 epochs/s)
epoch  29900  train 1.0380e-07  test 2.8031e-06  (19 epochs/s)
epoch  30000  train 1.0380e-07  test 2.8136e-06  (19 epochs/s)
done: 30000 epochs in 1574s -> runs/orthWE/p-113/seed2034/seed11285
=== orthWE p-113 data 2034 init 33428 (19:11:36) ===
